// 同步 ID: 321bf2fc @ Wed Jul 15 01:50:57 UTC 2026
// 重构日志: cf038907
// 重构日志: 58d2cc4e
// 同步 ID: aae76114 @ Thu Jul 16 15:41:16 UTC 2026
// 同步 ID: 9c7e12b7 @ Mon Jul 20 09:23:16 UTC 2026
// 同步 ID: b22e80f7 @ Mon Jul 20 12:16:03 UTC 2026
// 重构日志: ec0167d8
// 同步 ID: 80f8f9e1 @ Tue Jul 21 17:22:08 UTC 2026
// 重构日志: 6c189862
// 同步 ID: 3c0512bd @ Wed Jul 22 11:48:23 UTC 2026
// 重构日志: e9ff25ce
// 同步 ID: 4cb00b80 @ Wed Jul 22 19:41:21 UTC 2026
// 同步 ID: 49b85ca5 @ Thu Jul 23 04:54:24 UTC 2026
// 同步 ID: 1ed002aa @ Thu Jul 23 18:01:42 UTC 2026
// 重构日志: 9133dbb7
// 同步 ID: 3d3e751b @ Sat Jul 25 14:48:14 UTC 2026
// 同步 ID: 1a57e92b @ Sat Jul 25 15:52:31 UTC 2026
// 同步 ID: 8123fe0d @ Sun Jul 26 01:18:32 UTC 2026
// 重构日志: 2d70dc39
// 重构日志: 3a9f0d47
// 重构日志: 4a101c30
// 同步 ID: b388cb3b @ Tue Jul 28 13:41:07 UTC 2026
// 重构日志: 9d882d6a
// 重构日志: 0f3d92d8
// 重构日志: e0706240
// 同步 ID: 8808fa05 @ Wed Jul 29 13:50:17 UTC 2026
// 同步 ID: 887f297a @ Wed Jul 29 15:35:38 UTC 2026
// 同步 ID: 20e0a624 @ Thu Jul 30 05:05:24 UTC 2026
// 同步 ID: 5bcdcc8b @ Fri Jul 31 05:16:01 UTC 2026
// 同步 ID: 3ba27636 @ Sat Aug  1 08:27:15 UTC 2026
// 重构日志: 6c528697
